src/app/utils/socket.ts(249,1): error TS1128: Declaration or statement expected.
